L'heure doit Ãªtre un entier compris entre 0 et 23.
