 1 - Cible : /SiteWebIF/Intranet-etudiant.php : 5 visite(s)
 2 - Cible : /temps/3IF38.html : 4 visite(s)
 3 - Cible : /temps/3IF39.html : 3 visite(s)
 4 - Cible : /temps/3IF37.html : 3 visite(s)
 5 - Cible : /temps : 2 visite(s)
 6 - Cible : / : 2 visite(s)
 7 - Cible : /temps/4IF16.html : 1 visite(s)
 8 - Cible : /temps/4IF17.html : 1 visite(s)
 9 - Cible : /temps/4IF20.html : 1 visite(s)
10 - Cible : /temps/4IF18.html : 1 visite(s)