Le chemin spécifié pour la création du fichier .dot n'est pas valide...
